// Jest Snapshot v1, https://goo.gl/fbAQLP

exports[`NavigationBar renders 1`] = `
<DocumentFragment>
  <nav
    class="navbar navbar-collapse-absolute navbar-expand-md navbar-underline navigation-bar navigation-bar-light"
  >
    <div
      class="container-fluid container-fluid-max-xl"
    >
      <button
        aria-expanded="false"
        class="navbar-toggler navbar-toggler-link collapsed btn btn-unstyled"
        type="button"
      >
        <span
          class="navbar-text-truncate"
        >
          Site Pitang
        </span>
        <svg
          class="lexicon-icon lexicon-icon-caret-bottom"
          role="presentation"
        >
          <use
            xlink:href="#caret-bottom"
          />
        </svg>
      </button>
      <div
        class="navbar-collapse collapse"
      >
        <div
          class="container-fluid container-fluid-max-xl"
        >
          <ul
            class="navbar-nav"
          >
            <li
              class="nav-item dynamic-route"
            >
              <a
                class="nav-link link-unstyled"
                data-testid="link"
              >
                Agendamento
              </a>
            </li>
            <li
              class="nav-item dynamic-route"
            >
              <a
                class="nav-link link-unstyled"
                data-testid="link"
              >
                Lista
              </a>
            </li>
          </ul>
        </div>
      </div>
    </div>
  </nav>
</DocumentFragment>
`;
