// Jest Snapshot v1, https://goo.gl/fbAQLP

exports[`Modal component renders 1`] = `<DocumentFragment />`;
